../Drivers/CMSIS/Include/core_cm4.h:2064:26:ITM_SendChar	16	static,ignoring_inline_asm
../Core/Src/main.c:65:5:__io_putchar	16	static
../Core/Src/main.c:72:6:HAL_TIM_PeriodElapsedCallback	16	static
../Core/Src/main.c:135:5:main	8	static
../Core/Src/main.c:215:6:SystemClock_Config	88	static
../Core/Src/main.c:261:13:MX_TIM3_Init	32	static
../Core/Src/main.c:306:13:MX_USART3_UART_Init	8	static
../Core/Src/main.c:339:13:MX_GPIO_Init	64	static
../Core/Src/main.c:468:6:Error_Handler	4	static,ignoring_inline_asm
