../Drivers/STM32F0xx_HAL_Driver/Inc/stm32f0xx_ll_system.h:625:22:LL_SYSCFG_SetEXTISource	1
../Drivers/STM32F0xx_HAL_Driver/Inc/stm32f0xx_ll_gpio.h:267:22:LL_GPIO_SetPinMode	1
../Drivers/STM32F0xx_HAL_Driver/Inc/stm32f0xx_ll_gpio.h:473:22:LL_GPIO_SetPinPull	1
../Drivers/STM32F0xx_HAL_Driver/Inc/stm32f0xx_ll_gpio.h:757:26:LL_GPIO_IsInputPinSet	1
../Drivers/STM32F0xx_HAL_Driver/Inc/stm32f0xx_ll_gpio.h:867:22:LL_GPIO_ResetOutputPin	1
../Drivers/STM32F0xx_HAL_Driver/Inc/stm32f0xx_ll_bus.h:225:22:LL_AHB1_GRP1_EnableClock	1
../Core/Src/main.c:72:6:HAL_ADC_ConvCpltCallback	5
../Core/Src/main.c:99:5:main	4
../Core/Src/main.c:169:6:SystemClock_Config	3
../Core/Src/main.c:210:13:MX_ADC_Init	5
../Core/Src/main.c:280:13:MX_USART2_UART_Init	2
../Core/Src/main.c:315:13:MX_GPIO_Init	1
../Core/Src/main.c:433:6:Error_Handler	1
