../Drivers/STM32F0xx_HAL_Driver/Inc/stm32f0xx_ll_system.h:625:22:LL_SYSCFG_SetEXTISource	24	static
../Drivers/STM32F0xx_HAL_Driver/Inc/stm32f0xx_ll_gpio.h:267:22:LL_GPIO_SetPinMode	24	static
../Drivers/STM32F0xx_HAL_Driver/Inc/stm32f0xx_ll_gpio.h:473:22:LL_GPIO_SetPinPull	24	static
../Drivers/STM32F0xx_HAL_Driver/Inc/stm32f0xx_ll_gpio.h:757:26:LL_GPIO_IsInputPinSet	16	static
../Drivers/STM32F0xx_HAL_Driver/Inc/stm32f0xx_ll_gpio.h:867:22:LL_GPIO_ResetOutputPin	16	static
../Drivers/STM32F0xx_HAL_Driver/Inc/stm32f0xx_ll_bus.h:225:22:LL_AHB1_GRP1_EnableClock	24	static
../Core/Src/main.c:74:6:HAL_ADC_ConvCpltCallback	16	static
../Core/Src/main.c:101:5:main	24	static
../Core/Src/main.c:168:6:SystemClock_Config	80	static
../Core/Src/main.c:209:13:MX_ADC_Init	24	static
../Core/Src/main.c:279:13:MX_USART2_UART_Init	8	static
../Core/Src/main.c:314:13:MX_GPIO_Init	48	static
../Core/Src/main.c:432:6:Error_Handler	8	static,ignoring_inline_asm
